// Jest Snapshot v1, https://goo.gl/fbAQLP

exports[`<Footer /> should render only copyright text by Mauv 1`] = `
<footer>
  Copyrights all reserved by Mauv
</footer>
`;
